../Core/Src/main.c:123:6:Signal_Buf_Init	24	static
../Core/Src/main.c:136:6:Signal_Buf_Update	16	static
../Core/Src/main.c:148:7:Signal_power_Calculate	32	static
../Core/Src/main.c:166:7:Signal_RMS_Calculate	24	static
../Core/Src/main.c:178:5:main	8	static
../Core/Src/main.c:232:6:SystemClock_Config	88	static
../Core/Src/main.c:274:6:HAL_TIM_PeriodElapsedCallback	608	static
../Core/Src/main.c:369:6:HAL_ADC_ConvCpltCallback	24	static
../Core/Src/main.c:386:6:HAL_GPIO_EXTI_Callback	16	static
../Core/Src/main.c:397:6:Error_Handler	4	static,ignoring_inline_asm
