../Core/Src/main.c:112:6:Signal_Buf_Init	24	static
../Core/Src/main.c:125:6:Signal_Buf_Update	16	static
../Core/Src/main.c:137:7:Signal_Energy_Calculate	24	static
../Core/Src/main.c:160:5:main	8	static
../Core/Src/main.c:225:6:SystemClock_Config	88	static
../Core/Src/main.c:267:6:HAL_TIM_PeriodElapsedCallback	1048	static
../Core/Src/main.c:328:6:HAL_ADC_ConvCpltCallback	24	static
../Core/Src/main.c:339:6:HAL_GPIO_EXTI_Callback	16	static
../Core/Src/main.c:350:6:Error_Handler	4	static,ignoring_inline_asm
